PUSH agent:doomed This memory will self-destruct in 60 seconds.
PUSH agent:doomed This memory will self-destruct in 60 seconds.
PUSH agent:doomed This memory will self-destruct in 600 seconds.
PUSH agent:001 SYSTEM: You are an autonomous researcher.
PUSH agent:001 USER: Analyze the latest market trends.
GRAPH_ADD task:99 setup_env Initialize Docker containers
GRAPH_ADD task:99 fetch_data Scrape competitor pricing
GRAPH_UPDATE task:99 setup_env COMPLETED
PUSH agent:001 SYSTEM: You are an autonomous researcher.
PUSH agent:001 USER: Analyze the latest market trends.
GRAPH_ADD task:99 setup_env Initialize Docker containers
GRAPH_ADD task:99 fetch_data Scrape competitor pricing
GRAPH_UPDATE task:99 setup_env COMPLETED
GRAPH_UPDATE task:99 setup_env COMPLETED
PUSH agent:001 SYSTEM: You are an autonomous researcher.
PUSH agent:001 USER: Analyze the latest market trends.
GRAPH_ADD task:99 setup_env Initialize Docker containers
GRAPH_ADD task:99 fetch_data Scrape competitor pricing
PUSH agent:002 SYSTEM: You are an autonomous researcher.
PUSH agent:001 SYSTEM: You are an autonomous researcher.
PUSH agent:001 USER: Analyze the latest market trends.
GRAPH_ADD task:99 setup_env Initialize Docker containers
GRAPH_ADD task:99 fetch_data Scrape competitor pricing
GRAPH_UPDATE task:99 setup_env COMPLETED
PUSH agent:001 SYSTEM: You are an autonomous researcher.
PUSH agent:001 USER: Analyze the latest market trends.
PUSH agent:001 USER: Analyze the latest market trends
PUSH agent:001 USER: Analyze the latest market trends
PUSH agent:001 USER: Analyze the latest market trends
PUSH agent:001 USER: Analyze the latest market trends
PUSH agent:001 USER: Analyze the latest market trends
PUSH agent:001 USER: Analyze the latest market trends
PUSH agent:001 USER: Analyze the latest market trends
PUSH agent:001 USER: Analyze the latest market trends
PUSH agent:001 USER: Analyze the latest market trends
PUSH agent:001 SYSTEM: You are an autonomous researcher.
PUSH agent:001 USER: Analyze the latest market trends.
GRAPH_ADD task:99 setup_env Initialize Docker containers
GRAPH_ADD task:99 fetch_data Scrape competitor pricing
GRAPH_UPDATE task:99 setup_env COMPLETED
GRAPH_UPDATE task:99 setup_env COMPLETED
PUSH agent:001 SYSTEM: You are an autonomous researcher.
PUSH agent:001 USER: Analyze the latest market trends.
GRAPH_ADD task:99 setup_env Initialize Docker containers
GRAPH_ADD task:99 fetch_data Scrape competitor pricing
